// Jest Snapshot v1, https://goo.gl/fbAQLP

exports[`Zap Table component should render correctly. 1`] = `
<Modal
  autoFocus={true}
  backdrop={true}
  backdropTransition={
    Object {
      "mountOnEnter": true,
      "timeout": 150,
    }
  }
  centered={false}
  className="customModal preview"
  fade={true}
  isOpen={true}
  keyboard={true}
  modalTransition={
    Object {
      "timeout": 300,
    }
  }
  onClosed={[Function]}
  onOpened={[Function]}
  role="dialog"
  toggle={[Function]}
  zIndex={1050}
>
  <ModalHeader
    charCode={215}
    closeAriaLabel="Close"
    tag="h5"
    toggle={[Function]}
    wrapTag="div"
  >
    Transformation Preview : 
  </ModalHeader>
  <ModalBody
    tag="div"
  >
    <Table
      responsiveTag="div"
      tag="table"
    >
      <thead>
        <tr>
          <th>
            Index
          </th>
          <th
            key="0"
          >
            Sewer
          </th>
          <th
            key="1"
          >
            ListAgentMlsId
          </th>
          <th
            key="2"
          >
            ListAgentLastName
          </th>
        </tr>
      </thead>
      <tbody>
        <tr
          key="0"
        >
          <th
            key="0"
            scope="row"
          >
            1
          </th>
          <td
            key="0"
          >
            Public Sewer
          </td>
          <td
            key="1"
          >
            3217406
          </td>
          <td
            key="2"
          >
            Palatano
          </td>
        </tr>
        <tr
          key="1"
        >
          <th
            key="1"
            scope="row"
          >
            2
          </th>
          <td
            key="0"
          >
            Public Sewer
          </td>
          <td
            key="1"
          >
            3143777
          </td>
          <td
            key="2"
          >
            Moore
          </td>
        </tr>
        <tr
          key="2"
        >
          <th
            key="2"
            scope="row"
          >
            3
          </th>
          <td
            key="0"
          >
            Public Sewer
          </td>
          <td
            key="1"
          >
            3228726
          </td>
          <td
            key="2"
          >
            Wagner
          </td>
        </tr>
        <tr
          key="3"
        >
          <th
            key="3"
            scope="row"
          >
            4
          </th>
          <td
            key="0"
          >
            Public Sewer
          </td>
          <td
            key="1"
          >
            3158743
          </td>
          <td
            key="2"
          >
            Masih
          </td>
        </tr>
        <tr
          key="4"
        >
          <th
            key="4"
            scope="row"
          >
            5
          </th>
          <td
            key="0"
          >
            Public Sewer
          </td>
          <td
            key="1"
          >
            78774
          </td>
          <td
            key="2"
          >
            Gatewood
          </td>
        </tr>
      </tbody>
    </Table>
  </ModalBody>
  <ModalFooter
    tag="div"
  >
    <Button
      color="primary"
      onClick={[Function]}
      tag="button"
    >
      Close
    </Button>
  </ModalFooter>
</Modal>
`;
